
> backend@1.0.0 build
> tsc

src/index.ts(1,21): error TS2307: Cannot find module 'express' or its corresponding type declarations.
src/index.ts(2,18): error TS2307: Cannot find module 'cors' or its corresponding type declarations.
src/index.ts(3,20): error TS2307: Cannot find module 'dotenv' or its corresponding type declarations.
src/index.ts(26,25): error TS7006: Parameter '_req' implicitly has an 'any' type.
src/index.ts(26,31): error TS7006: Parameter 'res' implicitly has an 'any' type.
src/lib/prisma.ts(1,30): error TS2307: Cannot find module '../generated/prisma/client' or its corresponding type declarations.
src/lib/prisma.ts(2,26): error TS2307: Cannot find module '@prisma/adapter-pg' or its corresponding type declarations.
src/lib/s3.ts(1,65): error TS2307: Cannot find module '@aws-sdk/client-s3' or its corresponding type declarations.
src/middleware/auth.ts(1,49): error TS2307: Cannot find module 'express' or its corresponding type declarations.
src/middleware/auth.ts(2,17): error TS2307: Cannot find module 'jsonwebtoken' or its corresponding type declarations.
src/middleware/auth.ts(19,26): error TS2339: Property 'headers' does not exist on type 'AuthRequest'.
src/routes/auth.ts(1,43): error TS2307: Cannot find module 'express' or its corresponding type declarations.
src/routes/auth.ts(2,17): error TS2307: Cannot find module 'jsonwebtoken' or its corresponding type declarations.
src/routes/categories.ts(1,43): error TS2307: Cannot find module 'express' or its corresponding type declarations.
src/routes/categories.ts(27,51): error TS2339: Property 'body' does not exist on type 'AuthRequest'.
src/routes/categories.ts(51,51): error TS2339: Property 'body' does not exist on type 'AuthRequest'.
src/routes/categories.ts(54,24): error TS2339: Property 'params' does not exist on type 'AuthRequest'.
src/routes/categories.ts(76,53): error TS2339: Property 'params' does not exist on type 'AuthRequest'.
src/routes/products.ts(1,43): error TS2307: Cannot find module 'express' or its corresponding type declarations.
src/routes/products.ts(71,121): error TS2339: Property 'body' does not exist on type 'AuthRequest'.
src/routes/products.ts(107,73): error TS2339: Property 'params' does not exist on type 'AuthRequest'.
src/routes/products.ts(114,121): error TS2339: Property 'body' does not exist on type 'AuthRequest'.
src/routes/products.ts(117,24): error TS2339: Property 'params' does not exist on type 'AuthRequest'.
src/routes/products.ts(146,73): error TS2339: Property 'params' does not exist on type 'AuthRequest'.
src/routes/products.ts(153,52): error TS2339: Property 'params' does not exist on type 'AuthRequest'.
src/routes/testimonials.ts(1,43): error TS2307: Cannot find module 'express' or its corresponding type declarations.
src/routes/testimonials.ts(27,50): error TS2339: Property 'body' does not exist on type 'AuthRequest'.
src/routes/testimonials.ts(51,56): error TS2339: Property 'params' does not exist on type 'AuthRequest'.
src/routes/upload.ts(1,34): error TS2307: Cannot find module 'express' or its corresponding type declarations.
src/routes/upload.ts(2,20): error TS2307: Cannot find module 'multer' or its corresponding type declarations.
src/routes/upload.ts(14,16): error TS7006: Parameter '_req' implicitly has an 'any' type.
src/routes/upload.ts(14,22): error TS7006: Parameter 'file' implicitly has an 'any' type.
src/routes/upload.ts(14,28): error TS7006: Parameter 'cb' implicitly has an 'any' type.
src/routes/upload.ts(35,16): error TS2339: Property 'file' does not exist on type 'AuthRequest'.
src/routes/upload.ts(41,13): error TS2339: Property 'file' does not exist on type 'AuthRequest'.
src/routes/upload.ts(42,13): error TS2339: Property 'file' does not exist on type 'AuthRequest'.
src/routes/upload.ts(43,13): error TS2339: Property 'file' does not exist on type 'AuthRequest'.
src/routes/upload.ts(65,25): error TS2339: Property 'files' does not exist on type 'AuthRequest'.
src/routes/upload.ts(65,34): error TS2503: Cannot find namespace 'Express'.
src/routes/upload.ts(91,25): error TS2339: Property 'body' does not exist on type 'AuthRequest'.
src/scripts/seed.ts(1,20): error TS2307: Cannot find module 'dotenv' or its corresponding type declarations.
src/scripts/seed.ts(4,30): error TS2307: Cannot find module '../generated/prisma/client' or its corresponding type declarations.
src/scripts/seed.ts(5,26): error TS2307: Cannot find module '@prisma/adapter-pg' or its corresponding type declarations.
node.exe : npm error Lifecycle script `build` 
failed with error:
At C:\Program Files\nodejs\npm.ps1:29 char:3
+   & $NODE_EXE $NPM_CLI_JS $args
+   ~~~~~~~~~~~~~~~~~~~~~~~~~~~~~
    + CategoryInfo          : NotSpecified: (n 
   pm error Lifec...led with error::String) [  
  ], RemoteException
    + FullyQualifiedErrorId : NativeCommandErr 
   or
 
npm error code 2
npm error path C:\Users\iarul\Documents\Project
\mayura-heritage-crafts\backend
npm error workspace backend@1.0.0
npm error location C:\Users\iarul\Documents\Pro
ject\mayura-heritage-crafts\backend
npm error command failed
npm error command C:\WINDOWS\system32\cmd.exe 
/d /s /c tsc
